// Jest Snapshot v1, https://goo.gl/fbAQLP

exports[`Modal component renders matches snapshot DOM node structure 1`] = `[Function]`;
